>>> BaseGeometry = __import__('7-base_geometry').BaseGeometry
>>> bg = BaseGeometry()
>>> bg.integer_validator("my_int", 12)
>>> bg.integer_validator("width", 89)
>>> try:
...     bg.integer_validator("name", "jhon")
... except Exception as e:
...     print("[{}] {}".format(e.__class__.__name__, e))
[TypeError] name must be an integer
>>> try:
...     bg.integer_validator("age", 0)
... except Exception as e:
...     print("[{}] {}".format(e.__class__.__name__, e))
[ValueError] age must be greater than 0
>>> try:
...     bg.integer_validator("distance", -4)
... except Exception as e:
...     print("[{}] {}".format(e.__class__.__name__, e))
[ValueError] distance must be greater than 0
>>> try:
...     bg.integer_validator("test", 3.14)
... except Exception as e:
...     print("[{}] {}".format(e.__class__.__name__, e))
[TypeError] test must be an integer

>>> try:
...     bg.integer_validator("test", None)
... except Exception as e:
...     print("[{}] {}".format(e.__class__.__name__, e))
[TypeError] test must be an integer
>>> try:
...     bg.integer_validator("test", "123")
... except Exception as e:
...     print("[{}] {}".format(e.__class__.__name__, e))
[TypeError] test must be an integer

>>> try:
...     bg.integer_validator("test", True)
... except Exception as e:
...     print("[{}] {}".format(e.__class__.__name__, e))
[TypeError] test must be an integer

>>> try:
...     bg.integer_validator("test", False)
... except Exception as e:
...     print("[{}] {}".format(e.__class__.__name__, e))
[TypeError] test must be an integer

>>> try:
...     bg.integer_validator("length", -1)
... except Exception as e:
...     print("[{}] {}".format(e.__class__.__name__, e))
[ValueError] length must be greater than 0

>>> try:
...     bg.integer_validator("length", -900)
... except Exception as e:
...     print("[{}] {}".format(e.__class__.__name__, e))
[ValueError] length must be greater than 0
>>> bg.integer_validator("edge", 1)
>>> bg.integer_validator("big", 10000000)